> noneCn = Cn.frame$Cn[which(Cn.frame$DroppedVar == "<none>")]
> which.final = which(apply(SSPmat.d, 2, mean) < noneCn & pVal < 
+ 0.05)
> fixed.final = paste(varnames[which.final], collapse = "+")
> form.final = as.formula(paste("log(PRCP+1) ~", fixed.final, random_terms))
> mod.final = lmer(form.final, data = rainsmall)
> summary(mod.final)
Linear mixed model fit by REML ['lmerMod']
Formula: 
log(PRCP + 1) ~ LONGITUDE + ELEVATION + TMAX + del_TT_Deg_Celsius +  
    Nino34 + u_wind_850 + v_wind_850 + X120W + EA + EPNP + TNH +  
    POL + SolarFlux + TempAnomaly + (1 | year)
   Data: rainsmall

REML criterion at convergence: 3649.2

Scaled residuals: 
    Min      1Q  Median      3Q     Max 
-3.5042 -0.6207  0.0300  0.6998  5.4799 

Random effects:
 Groups   Name        Variance Std.Dev.
 year     (Intercept) 0.1245   0.3528  
 Residual             0.9894   0.9947  
Number of obs: 1254, groups:  year, 35

Fixed effects:
                   Estimate Std. Error t value
(Intercept)         2.25520    0.06592   34.21
LONGITUDE           0.34680    0.04046    8.57
ELEVATION          -1.07686    0.03838  -28.06
TMAX               -1.34692    0.03901  -34.53
del_TT_Deg_Celsius  0.38923    0.04788    8.13
Nino34             -0.27135    0.10464   -2.59
u_wind_850         -0.08151    0.05432   -1.50
v_wind_850         -0.29704    0.04462   -6.66
X120W              -0.22046    0.11263   -1.96
EA                 -0.10548    0.06953   -1.52
EPNP               -0.21241    0.08872   -2.39
TNH                 0.21102    0.07752    2.72
POL                 0.11536    0.09551    1.21
SolarFlux          -0.14923    0.06948   -2.15
TempAnomaly         0.49588    0.08132    6.10

Correlation of Fixed Effects:
            (Intr) LONGIT ELEVAT TMAX   d_TT_D Nino34 u__850 v__850
LONGITUDE    0.000                                                 
ELEVATION    0.000  0.040                                          
TMAX         0.000  0.106  0.539                                   
dl_TT_Dg_Cl  0.000  0.369 -0.183 -0.092                            
Nino34       0.003  0.005 -0.044 -0.065  0.015                     
u_wind_850   0.000  0.464  0.071  0.314  0.632  0.000              
v_wind_850   0.000 -0.433  0.411  0.206 -0.340  0.014  0.073       
X120W        0.002  0.021 -0.026 -0.024  0.029  0.768  0.027  0.004
EA          -0.001 -0.005  0.003 -0.005 -0.023 -0.131 -0.002  0.013
EPNP         0.004 -0.021  0.007  0.001 -0.066  0.234 -0.040  0.026
TNH         -0.002 -0.013  0.020  0.025  0.004 -0.463 -0.018 -0.015
POL         -0.001  0.044 -0.015 -0.007  0.109 -0.216  0.092 -0.026
SolarFlux    0.000 -0.021  0.017  0.012 -0.039  0.190 -0.015  0.043
TempAnomaly  0.000  0.022 -0.011 -0.003  0.047 -0.190  0.025 -0.035
            X120W  EA     EPNP   TNH    POL    SlrFlx
LONGITUDE                                            
ELEVATION                                            
TMAX                                                 
dl_TT_Dg_Cl                                          
Nino34                                               
u_wind_850                                           
v_wind_850                                           
X120W                                                
EA          -0.093                                   
EPNP         0.280 -0.088                            
TNH         -0.441 -0.103 -0.191                     
POL         -0.129  0.007 -0.579  0.199              
SolarFlux    0.171 -0.060  0.066 -0.139 -0.078       
TempAnomaly -0.248 -0.181 -0.046  0.138  0.381  0.142
> anova(mod.final)
Analysis of Variance Table
                   Df  Sum Sq Mean Sq   F value
LONGITUDE           1  213.97  213.97  216.2615
ELEVATION           1  117.17  117.17  118.4313
TMAX                1 1175.49 1175.49 1188.0997
del_TT_Deg_Celsius  1   90.91   90.91   91.8828
Nino34              1    3.42    3.42    3.4530
u_wind_850          1    1.07    1.07    1.0856
v_wind_850          1   37.90   37.90   38.3101
X120W               1    4.31    4.31    4.3533
EA                  1    0.24    0.24    0.2381
EPNP                1   11.94   11.94   12.0717
TNH                 1    2.76    2.76    2.7921
POL                 1    2.75    2.75    2.7777
SolarFlux           1    9.18    9.18    9.2738
TempAnomaly         1   36.79   36.79   37.1881
> r.squaredGLMM(mod.final)
      R2m       R2c 
0.6021245 0.6465826 
> anova(mod.final, mod.full)
Data: rainsmall
Models:
mod.final: log(PRCP + 1) ~ LONGITUDE + ELEVATION + TMAX + del_TT_Deg_Celsius + 
mod.final:     Nino34 + u_wind_850 + v_wind_850 + X120W + EA + EPNP + TNH + 
mod.final:     POL + SolarFlux + TempAnomaly + (1 | year)
mod.full: log(PRCP + 1) ~ LATITUDE + LONGITUDE + ELEVATION + TMAX + TMIN + 
mod.full:     del_TT_Deg_Celsius + DMI + Nino34 + u_wind_200 + u_wind_600 + 
mod.full:     u_wind_850 + v_wind_200 + v_wind_600 + v_wind_850 + X20E + 
mod.full:     X70E + X80E + X100E + X120E + X140E + X160E + X120W + X40W + 
mod.full:     X10W + NAO + EA + WP + EPNP + PNA + EAWR + SCA + TNH + POL + 
mod.full:     SolarFlux + TempAnomaly + (1 | year)
          Df    AIC    BIC  logLik deviance  Chisq Chi Df Pr(>Chisq)
mod.final 17 3622.7 3710.0 -1794.3   3588.7                         
mod.full  38 3627.0 3822.1 -1775.5   3551.0 37.655     21    0.01414
           
mod.final  
mod.full  *
---
Signif. codes:  0 ‘***’ 0.001 ‘**’ 0.01 ‘*’ 0.05 ‘.’ 0.1 ‘ ’ 1
> mod6 = lmer(log(PRCP + 1) ~ TMAX + ELEVATION + TempAnomaly + 
+ del_TT_Deg_Celsius + v_wind_850 + Nino34 + (1 | year), data = rainsmall)
> summary(mod6)
Linear mixed model fit by REML ['lmerMod']
Formula: 
log(PRCP + 1) ~ TMAX + ELEVATION + TempAnomaly + del_TT_Deg_Celsius +  
    v_wind_850 + Nino34 + (1 | year)
   Data: rainsmall

REML criterion at convergence: 3743.4

Scaled residuals: 
    Min      1Q  Median      3Q     Max 
-3.3093 -0.5916  0.0614  0.6529  4.8779 

Random effects:
 Groups   Name        Variance Std.Dev.
 year     (Intercept) 0.1662   0.4077  
 Residual             1.0798   1.0391  
Number of obs: 1254, groups:  year, 35

Fixed effects:
                   Estimate Std. Error t value
(Intercept)         2.25601    0.07490   30.12
TMAX               -1.31136    0.03861  -33.97
ELEVATION          -1.07666    0.03997  -26.94
TempAnomaly         0.46178    0.07523    6.14
del_TT_Deg_Celsius  0.38557    0.03843   10.03
v_wind_850         -0.04020    0.03941   -1.02
Nino34             -0.09797    0.07156   -1.37

Correlation of Fixed Effects:
            (Intr) TMAX   ELEVAT TmpAnm d_TT_D v__850
TMAX         0.000                                   
ELEVATION    0.000  0.546                            
TempAnomaly -0.002 -0.009 -0.017                     
dl_TT_Dg_Cl  0.000 -0.392 -0.297  0.031              
v_wind_850   0.000  0.199  0.486 -0.035 -0.523       
Nino34       0.002 -0.072 -0.041  0.061  0.025  0.014
> r.squaredGLMM(mod6)
     R2m      R2c 
0.552060 0.611816 
